
> vite_client@0.0.0 build
> vite build

vite v5.4.21 building for production...
transforming...
[baseline-browser-mapping] The data in this module is over two months old.  To ensure accurate Baseline data, please update: `npm i baseline-browser-mapping@latest -D`
✓ 1997 modules transformed.
x Build failed in 18.31s
error during build:
[vite:esbuild] Transform failed with 1 error:
/home/aiaa4solutions/Documents/AQUARELLE/TexMaintain/client/src/components/TopNavigation.tsx:116:12: ERROR: Expected ">" but found "<"
file: /home/aiaa4solutions/Documents/AQUARELLE/TexMaintain/client/src/components/TopNavigation.tsx:116:12

Expected ">" but found "<"
114|              <Badge
115|                variant="destructive"
116|              <Badge
   |              ^
117|                variant="destructive"
118|                className="absolute -top-1 -right-1 h-5 w-5 flex items-center justify-center p-0 text-xs"

    at failureErrorWithLog (/home/aiaa4solutions/Documents/AQUARELLE/TexMaintain/client/node_modules/esbuild/lib/main.js:1472:15)
    at /home/aiaa4solutions/Documents/AQUARELLE/TexMaintain/client/node_modules/esbuild/lib/main.js:755:50
    at responseCallbacks.<computed> (/home/aiaa4solutions/Documents/AQUARELLE/TexMaintain/client/node_modules/esbuild/lib/main.js:622:9)
    at handleIncomingPacket (/home/aiaa4solutions/Documents/AQUARELLE/TexMaintain/client/node_modules/esbuild/lib/main.js:677:12)
    at Socket.readFromStdout (/home/aiaa4solutions/Documents/AQUARELLE/TexMaintain/client/node_modules/esbuild/lib/main.js:600:7)
    at Socket.emit (node:events:518:28)
    at addChunk (node:internal/streams/readable:561:12)
    at readableAddChunkPushByteMode (node:internal/streams/readable:512:3)
    at Readable.push (node:internal/streams/readable:392:5)
    at Pipe.onStreamRead (node:internal/stream_base_commons:189:23)
