src/api/assetClasses.ts(1,17): error TS2307: Cannot find module './axios' or its corresponding type declarations.
src/api/assets.ts(1,17): error TS2307: Cannot find module './axios' or its corresponding type declarations.
src/api/assets.ts(2,10): error TS2305: Module '"./categories"' has no exported member 'Category'.
src/api/auth.ts(13,28): error TS2339: Property 'response' does not exist on type '{}'.
src/api/auth.ts(13,55): error TS18046: 'error' is of type 'unknown'.
src/api/auth.ts(26,28): error TS2339: Property 'response' does not exist on type '{}'.
src/api/auth.ts(26,55): error TS18046: 'error' is of type 'unknown'.
src/api/auth.ts(39,28): error TS2339: Property 'response' does not exist on type '{}'.
src/api/auth.ts(39,55): error TS18046: 'error' is of type 'unknown'.
src/api/auth.ts(51,28): error TS2339: Property 'response' does not exist on type '{}'.
src/api/auth.ts(51,55): error TS18046: 'error' is of type 'unknown'.
src/api/categories.ts(3,26): error TS2304: Cannot find name 'api'.
src/api/seed.ts(12,28): error TS2339: Property 'response' does not exist on type '{}'.
src/api/seed.ts(12,55): error TS18046: 'error' is of type 'unknown'.
src/api/seed.ts(25,28): error TS2339: Property 'response' does not exist on type '{}'.
src/api/seed.ts(25,55): error TS18046: 'error' is of type 'unknown'.
src/api/seed.ts(38,28): error TS2339: Property 'response' does not exist on type '{}'.
src/api/seed.ts(38,55): error TS18046: 'error' is of type 'unknown'.
src/api/seed.ts(51,28): error TS2339: Property 'response' does not exist on type '{}'.
src/api/seed.ts(51,55): error TS18046: 'error' is of type 'unknown'.
src/api/seed.ts(64,28): error TS2339: Property 'response' does not exist on type '{}'.
src/api/seed.ts(64,55): error TS18046: 'error' is of type 'unknown'.
src/api/seed.ts(77,28): error TS2339: Property 'response' does not exist on type '{}'.
src/api/seed.ts(77,55): error TS18046: 'error' is of type 'unknown'.
src/api/seed.ts(90,28): error TS2339: Property 'response' does not exist on type '{}'.
src/api/seed.ts(90,55): error TS18046: 'error' is of type 'unknown'.
src/api/subCategories.ts(1,8): error TS2300: Duplicate identifier 'api'.
src/api/subCategories.ts(6,8): error TS2300: Duplicate identifier 'api'.
src/api/subCategories.ts(6,17): error TS2307: Cannot find module './axios' or its corresponding type declarations.
src/api/subCategories.ts(7,10): error TS2305: Module '"./categories"' has no exported member 'Category'.
src/App.tsx(35,1): error TS6133: 'PartDetails' is declared but its value is never read.
src/App.tsx(49,48): error TS2786: 'Assets' cannot be used as a JSX component.
  Its type '() => void' is not a valid JSX element type.
    Type '() => void' is not assignable to type '(props: any, deprecatedLegacyContext?: any) => ReactNode'.
      Type 'void' is not assignable to type 'ReactNode'.
src/components/dashboard/ProcessAreasDashboard.tsx(10,5): error TS6133: 'MoreVertical' is declared but its value is never read.
src/components/dashboard/ProjectsDashboard.tsx(11,5): error TS6133: 'Clock' is declared but its value is never read.
src/components/AssetPartFormDialog.tsx(2,1): error TS6133: 'X' is declared but its value is never read.
src/components/AssetPartFormDialog.tsx(171,11): error TS2353: Object literal may only specify known properties, and 'duplicateToSameType' does not exist in type 'CreateAssetPartData'.
src/components/AssetPartsList.tsx(18,3): error TS6133: 'isReplacementOverdue' is declared but its value is never read.
src/components/AssetPartsList.tsx(19,3): error TS6133: 'isReplacementDueSoon' is declared but its value is never read.
src/components/AssetStatusHistory.tsx(2,41): error TS6133: 'CardTitle' is declared but its value is never read.
src/components/AssetStatusHistory.tsx(2,52): error TS6133: 'CardDescription' is declared but its value is never read.
src/components/AssetStatusHistory.tsx(8,1): error TS6192: All imports in import declaration are unused.
src/components/AssetStatusHistory.tsx(18,3): error TS6133: 'Package' is declared but its value is never read.
src/components/AssetStatusHistory.tsx(19,3): error TS6133: 'Droplet' is declared but its value is never read.
src/components/AssetStatusHistory.tsx(20,3): error TS6133: 'Activity' is declared but its value is never read.
src/components/AssetTimeline.tsx(6,1): error TS6133: 'Separator' is declared but its value is never read.
src/components/AssetTimeline.tsx(8,39): error TS6133: 'TabsContent' is declared but its value is never read.
src/components/AssetTimeline.tsx(16,3): error TS6133: 'FileText' is declared but its value is never read.
src/components/GlobalStockCard.tsx(4,1): error TS6133: 'Badge' is declared but its value is never read.
src/components/Header.tsx(1,10): error TS6133: 'Bell' is declared but its value is never read.
src/components/PartAssetsList.tsx(9,3): error TS6133: 'getAssetPartsByPart' is declared but its value is never read.
src/components/PartAssetsList.tsx(153,56): error TS2339: Property 'status' does not exist on type '{ _id: string; name?: string | undefined; model: string; serialNumber: string; location: string; status: string; } | { _id: string; name: string; code?: string | undefined; }'.
  Property 'status' does not exist on type '{ _id: string; name: string; code?: string | undefined; }'.
src/components/PartAssetsList.tsx(166,32): error TS2339: Property 'code' does not exist on type '{ _id: string; name?: string | undefined; model: string; serialNumber: string; location: string; status: string; } | { _id: string; name: string; code?: string | undefined; }'.
  Property 'code' does not exist on type '{ _id: string; name?: string | undefined; model: string; serialNumber: string; location: string; status: string; }'.
src/components/PartAssetsList.tsx(168,36): error TS2339: Property 'code' does not exist on type '{ _id: string; name?: string | undefined; model: string; serialNumber: string; location: string; status: string; } | { _id: string; name: string; code?: string | undefined; }'.
  Property 'code' does not exist on type '{ _id: string; name?: string | undefined; model: string; serialNumber: string; location: string; status: string; }'.
src/components/PartAssetsList.tsx(171,32): error TS2339: Property 'serialNumber' does not exist on type '{ _id: string; name?: string | undefined; model: string; serialNumber: string; location: string; status: string; } | { _id: string; name: string; code?: string | undefined; }'.
  Property 'serialNumber' does not exist on type '{ _id: string; name: string; code?: string | undefined; }'.
src/components/PartAssetsList.tsx(173,36): error TS2339: Property 'serialNumber' does not exist on type '{ _id: string; name?: string | undefined; model: string; serialNumber: string; location: string; status: string; } | { _id: string; name: string; code?: string | undefined; }'.
  Property 'serialNumber' does not exist on type '{ _id: string; name: string; code?: string | undefined; }'.
src/components/PartAssetsList.tsx(177,49): error TS2339: Property 'status' does not exist on type '{ _id: string; name?: string | undefined; model: string; serialNumber: string; location: string; status: string; } | { _id: string; name: string; code?: string | undefined; }'.
  Property 'status' does not exist on type '{ _id: string; name: string; code?: string | undefined; }'.
src/components/PartAssetsList.tsx(181,35): error TS2339: Property 'location' does not exist on type '{ _id: string; name?: string | undefined; model: string; serialNumber: string; location: string; status: string; } | { _id: string; name: string; code?: string | undefined; }'.
  Property 'location' does not exist on type '{ _id: string; name: string; code?: string | undefined; }'.
src/components/production/UpdateStatsDialog.tsx(6,38): error TS2307: Cannot find module '@/api/productionLines' or its corresponding type declarations.
src/components/QRCodeScanner.tsx(38,30): error TS6133: 'errorMessage' is declared but its value is never read.
src/components/ui/calendar.tsx(56,20): error TS6133: 'props' is declared but its value is never read.
src/components/ui/calendar.tsx(57,21): error TS6133: 'props' is declared but its value is never read.
src/contexts/AuthContext.tsx(78,30): error TS2339: Property 'message' does not exist on type '{}'.
src/contexts/AuthContext.tsx(92,30): error TS2339: Property 'message' does not exist on type '{}'.
src/pages/Assets.tsx(2,27): error TS6133: 'Link' is declared but its value is never read.
src/pages/Assets.tsx(3,1): error TS6192: All imports in import declaration are unused.
src/pages/Assets.tsx(4,1): error TS6133: 'Badge' is declared but its value is never read.
src/pages/Assets.tsx(5,1): error TS6133: 'Button' is declared but its value is never read.
src/pages/Assets.tsx(6,1): error TS6133: 'Input' is declared but its value is never read.
src/pages/Assets.tsx(7,1): error TS6192: All imports in import declaration are unused.
src/pages/Assets.tsx(8,1): error TS6192: All imports in import declaration are unused.
src/pages/Assets.tsx(9,1): error TS6133: 'Label' is declared but its value is never read.
src/pages/Assets.tsx(10,1): error TS6133: 'Textarea' is declared but its value is never read.
src/pages/Assets.tsx(12,3): error TS6133: 'Search' is declared but its value is never read.
src/pages/Assets.tsx(13,3): error TS6133: 'Filter' is declared but its value is never read.
src/pages/Assets.tsx(14,3): error TS6133: 'Plus' is declared but its value is never read.
src/pages/Assets.tsx(19,3): error TS6133: 'MapPin' is declared but its value is never read.
src/pages/Assets.tsx(21,3): error TS6133: 'Pencil' is declared but its value is never read.
src/pages/Assets.tsx(25,3): error TS6133: 'Droplet' is declared but its value is never read.
src/pages/Assets.tsx(27,3): error TS6133: 'QrCode' is declared but its value is never read.
src/pages/Assets.tsx(29,1): error TS6133: 'QRCodeScanner' is declared but its value is never read.
src/pages/Assets.tsx(30,1): error TS6133: 'QRCodeGenerator' is declared but its value is never read.
src/pages/Assets.tsx(31,1): error TS6133: 'AssetStatusDialog' is declared but its value is never read.
src/pages/Assets.tsx(31,10): error TS2305: Module '"@/components/AssetStatusDialog"' has no exported member 'AssetStatusDialog'.
src/pages/Assets.tsx(48,10): error TS2305: Module '"@/api/categories"' has no exported member 'getCategories'.
src/pages/Assets.tsx(48,25): error TS2305: Module '"@/api/categories"' has no exported member 'Category'.
src/pages/Assets.tsx(54,10): error TS6133: 'AssetStatus' is declared but its value is never read.
src/pages/Assets.tsx(54,43): error TS6133: 'getStatusColor' is declared but its value is never read.
src/pages/Assets.tsx(54,59): error TS6133: 'getStatusLabel' is declared but its value is never read.
src/pages/Assets.tsx(58,7): error TS6133: 'breakdownTypes' is declared but its value is never read.
src/pages/Assets.tsx(68,11): error TS6196: 'Asset' is declared but never used.
src/pages/Assets.tsx(75,10): error TS6133: 'assets' is declared but its value is never read.
src/pages/Assets.tsx(76,10): error TS6133: 'categories' is declared but its value is never read.
src/pages/Assets.tsx(77,10): error TS6133: 'subCategories' is declared but its value is never read.
src/pages/Assets.tsx(78,10): error TS6133: 'assetClasses' is declared but its value is never read.
src/pages/Assets.tsx(79,10): error TS6133: 'brands' is declared but its value is never read.
src/pages/Assets.tsx(80,10): error TS6133: 'loading' is declared but its value is never read.
src/pages/Assets.tsx(81,22): error TS6133: 'setSearchTerm' is declared but its value is never read.
src/pages/Assets.tsx(83,24): error TS6133: 'setStatusFilter' is declared but its value is never read.
src/pages/Assets.tsx(84,26): error TS6133: 'setCategoryFilter' is declared but its value is never read.
src/pages/Assets.tsx(85,29): error TS6133: 'setSubCategoryFilter' is declared but its value is never read.
src/pages/Assets.tsx(86,28): error TS6133: 'setAssetClassFilter' is declared but its value is never read.
src/pages/Assets.tsx(87,16): error TS6133: 'setPage' is declared but its value is never read.
src/pages/Assets.tsx(88,10): error TS6133: 'total' is declared but its value is never read.
src/pages/Assets.tsx(89,17): error TS6133: 'setLimit' is declared but its value is never read.
src/pages/Assets.tsx(90,16): error TS6133: 'setSort' is declared but its value is never read.
src/pages/Assets.tsx(91,17): error TS6133: 'setOrder' is declared but its value is never read.
src/pages/Assets.tsx(93,10): error TS6133: 'isDialogOpen' is declared but its value is never read.
src/pages/Assets.tsx(94,9): error TS6133: 'user' is declared but its value is never read.
src/pages/Assets.tsx(95,9): error TS6133: 'navigate' is declared but its value is never read.
src/pages/Assets.tsx(97,10): error TS6133: 'form' is declared but its value is never read.
src/pages/Assets.tsx(116,10): error TS6133: 'editingItem' is declared but its value is never read.
src/pages/Assets.tsx(117,10): error TS6133: 'deletingId' is declared but its value is never read.
src/pages/Assets.tsx(117,22): error TS6133: 'setDeletingId' is declared but its value is never read.
src/pages/Assets.tsx(118,10): error TS6133: 'isScannerOpen' is declared but its value is never read.
src/pages/Assets.tsx(118,25): error TS6133: 'setIsScannerOpen' is declared but its value is never read.
src/pages/Assets.tsx(119,10): error TS6133: 'createdAssetId' is declared but its value is never read.
src/pages/Assets.tsx(119,26): error TS6133: 'setCreatedAssetId' is declared but its value is never read.
src/pages/Assets.tsx(120,10): error TS6133: 'statusDialogOpen' is declared but its value is never read.
src/pages/Assets.tsx(120,28): error TS6133: 'setStatusDialogOpen' is declared but its value is never read.
src/pages/Assets.tsx(121,10): error TS6133: 'selectedAssetForStatus' is declared but its value is never read.
src/pages/Assets.tsx(121,34): error TS6133: 'setSelectedAssetForStatus' is declared but its value is never read.
src/pages/Assets.tsx(124,10): error TS6133: 'machinists' is declared but its value is never read.
src/pages/Assets.tsx(125,10): error TS6133: 'mechanics' is declared but its value is never read.
src/pages/Assets.tsx(126,10): error TS6133: 'electricians' is declared but its value is never read.
src/pages/Assets.tsx(127,10): error TS6133: 'maintenanceWorkers' is declared but its value is never read.
src/pages/Assets.tsx(130,10): error TS6133: 'selectedMachinistId' is declared but its value is never read.
src/pages/Assets.tsx(131,10): error TS6133: 'selectedMechanicId' is declared but its value is never read.
src/pages/Assets.tsx(132,10): error TS6133: 'selectedElectricianId' is declared but its value is never read.
src/pages/Assets.tsx(133,10): error TS6133: 'selectedMaintenanceWorkerId' is declared but its value is never read.
src/pages/Assets.tsx(136,10): error TS6133: 'breakdownType' is declared but its value is never read.
src/pages/Assets.tsx(137,10): error TS6133: 'breakdownDescription' is declared but its value is never read.
src/pages/Assets.tsx(138,10): error TS6133: 'breakdownMedia' is declared but its value is never read.
src/pages/Assets.tsx(139,10): error TS6133: 'breakdownMediaPreviews' is declared but its value is never read.
src/pages/Assets.tsx(140,10): error TS6133: 'isSaving' is declared but its value is never read.
src/pages/Assets.tsx(140,20): error TS6133: 'setIsSaving' is declared but its value is never read.
src/pages/Assets.tsx(221,9): error TS6133: 'getStatusIcon' is declared but its value is never read.
src/pages/Assets.tsx(256,9): error TS6133: 'openAddDialog' is declared but its value is never read.
src/pages/Assets.tsx(288,9): error TS6133: 'openEditDialog' is declared but its value is never read.
src/pages/Assets.tsx(334,26): error TS2304: Cannot find name 'item'.
src/pages/Assets.tsx(335,25): error TS2304: Cannot find name 'item'.
src/pages/Assets.tsx(336,28): error TS2304: Cannot find name 'item'.
src/pages/Assets.tsx(337,34): error TS2304: Cannot find name 'item'.
src/pages/Assets.tsx(339,7): error TS2304: Cannot find name 'item'.
src/pages/Assets.tsx(339,23): error TS2304: Cannot find name 'EQUIPMENT_STATUSES'.
src/pages/Assets.tsx(340,22): error TS2304: Cannot find name 'item'.
src/pages/Assets.tsx(341,29): error TS2304: Cannot find name 'item'.
src/pages/Assets.tsx(354,7): error TS6133: 'handleScan' is declared but its value is never read.
src/pages/Assets.tsx(356,5): error TS2304: Cannot find name 'setSearchTerm'.
src/pages/Assets.tsx(357,5): error TS2304: Cannot find name 'setIsScannerOpen'.
src/pages/Assets.tsx(358,5): error TS2304: Cannot find name 'toast'.
src/pages/Assets.tsx(365,7): error TS6133: 'handleDragOver' is declared but its value is never read.
src/pages/Assets.tsx(370,7): error TS6133: 'handleDrop' is declared but its value is never read.
src/pages/Assets.tsx(381,3): error TS2304: Cannot find name 'setBreakdownMedia'.
src/pages/Assets.tsx(381,21): error TS7006: Parameter 'prev' implicitly has an 'any' type.
src/pages/Assets.tsx(384,3): error TS2304: Cannot find name 'setBreakdownMediaPreviews'.
src/pages/Assets.tsx(384,29): error TS7006: Parameter 'prev' implicitly has an 'any' type.
src/pages/Assets.tsx(387,7): error TS6133: 'removeMedia' is declared but its value is never read.
src/pages/Assets.tsx(388,3): error TS2304: Cannot find name 'setBreakdownMedia'.
src/pages/Assets.tsx(388,21): error TS7006: Parameter 'prev' implicitly has an 'any' type.
src/pages/Assets.tsx(388,42): error TS7006: Parameter '_' implicitly has an 'any' type.
src/pages/Assets.tsx(388,45): error TS7006: Parameter 'i' implicitly has an 'any' type.
src/pages/Assets.tsx(389,3): error TS2304: Cannot find name 'setBreakdownMediaPreviews'.
src/pages/Assets.tsx(389,29): error TS7006: Parameter 'prev' implicitly has an 'any' type.
src/pages/Assets.tsx(391,25): error TS7006: Parameter '_' implicitly has an 'any' type.
src/pages/Assets.tsx(391,28): error TS7006: Parameter 'i' implicitly has an 'any' type.
src/pages/Assets.tsx(395,7): error TS6133: 'handleSave' is declared but its value is never read.
src/pages/Assets.tsx(397,7): error TS2304: Cannot find name 'form'.
src/pages/Assets.tsx(397,56): error TS2304: Cannot find name 'selectedMachinistId'.
src/pages/Assets.tsx(398,5): error TS2304: Cannot find name 'toast'.
src/pages/Assets.tsx(407,7): error TS2304: Cannot find name 'form'.
src/pages/Assets.tsx(408,10): error TS2304: Cannot find name 'breakdownType'.
src/pages/Assets.tsx(409,7): error TS2304: Cannot find name 'toast'.
src/pages/Assets.tsx(416,10): error TS2304: Cannot find name 'breakdownDescription'.
src/pages/Assets.tsx(417,7): error TS2304: Cannot find name 'toast'.
src/pages/Assets.tsx(428,147): error TS2339: Property 'IN_WORKSHOP' does not exist on type '{ readonly STORED: "stored"; readonly IN_PRODUCTION: "in_production"; readonly SCHEDULED_MAINTENANCE: "scheduled_maintenance"; readonly UNDER_REPAIR: "under_repair"; readonly BREAKDOWN: "breakdown"; ... 9 more ...; readonly PENDING_VALIDATION: "pending_validation"; }'.
src/pages/Assets.tsx(429,36): error TS2304: Cannot find name 'form'.
src/pages/Assets.tsx(430,10): error TS2304: Cannot find name 'selectedMechanicId'.
src/pages/Assets.tsx(430,33): error TS2304: Cannot find name 'selectedElectricianId'.
src/pages/Assets.tsx(430,59): error TS2304: Cannot find name 'selectedMaintenanceWorkerId'.
src/pages/Assets.tsx(431,7): error TS2304: Cannot find name 'toast'.
src/pages/Assets.tsx(441,5): error TS2304: Cannot find name 'setIsSaving'.
src/pages/Assets.tsx(443,10): error TS2304: Cannot find name 'form'.
src/pages/Assets.tsx(444,20): error TS2304: Cannot find name 'form'.
src/pages/Assets.tsx(445,19): error TS2304: Cannot find name 'form'.
src/pages/Assets.tsx(449,9): error TS2304: Cannot find name 'editingItem'.
src/pages/Assets.tsx(450,13): error TS6133: 'prev' is declared but its value is never read.
src/pages/Assets.tsx(450,20): error TS2304: Cannot find name 'assets'.
src/pages/Assets.tsx(463,31): error TS2304: Cannot find name 'editingItem'.
src/pages/Assets.tsx(463,54): error TS2304: Cannot find name 'form'.
src/pages/Assets.tsx(467,35): error TS2304: Cannot find name 'editingItem'.
src/pages/Assets.tsx(468,21): error TS2304: Cannot find name 'form'.
src/pages/Assets.tsx(469,26): error TS2304: Cannot find name 'selectedMachinistId'.
src/pages/Assets.tsx(470,25): error TS2304: Cannot find name 'selectedMechanicId'.
src/pages/Assets.tsx(471,28): error TS2304: Cannot find name 'selectedElectricianId'.
src/pages/Assets.tsx(472,34): error TS2304: Cannot find name 'selectedMaintenanceWorkerId'.
src/pages/Assets.tsx(473,28): error TS2304: Cannot find name 'breakdownType'.
src/pages/Assets.tsx(474,35): error TS2304: Cannot find name 'breakdownDescription'.
src/pages/Assets.tsx(480,31): error TS2304: Cannot find name 'editingItem'.
src/pages/Assets.tsx(484,29): error TS2304: Cannot find name 'editingItem'.
src/pages/Assets.tsx(488,13): error TS2304: Cannot find name 'breakdownMedia'.
src/pages/Assets.tsx(491,33): error TS2304: Cannot find name 'form'.
src/pages/Assets.tsx(492,45): error TS2304: Cannot find name 'breakdownType'.
src/pages/Assets.tsx(493,45): error TS2304: Cannot find name 'breakdownDescription'.
src/pages/Assets.tsx(496,15): error TS2304: Cannot find name 'editingItem'.
src/pages/Assets.tsx(499,15): error TS2304: Cannot find name 'breakdownMedia'.
src/pages/Assets.tsx(501,13): error TS2304: Cannot find name 'toast'.
src/pages/Assets.tsx(503,50): error TS2304: Cannot find name 'breakdownMedia'.
src/pages/Assets.tsx(508,13): error TS2304: Cannot find name 'toast'.
src/pages/Assets.tsx(515,11): error TS2304: Cannot find name 'toast'.
src/pages/Assets.tsx(520,17): error TS2304: Cannot find name 'fetchAssets'.
src/pages/Assets.tsx(530,13): error TS6133: 'tempId' is declared but its value is never read.
src/pages/Assets.tsx(541,9): error TS2304: Cannot find name 'toast'.
src/pages/Assets.tsx(545,11): error TS2304: Cannot find name 'setCreatedAssetId'.
src/pages/Assets.tsx(548,15): error TS2304: Cannot find name 'breakdownMedia'.
src/pages/Assets.tsx(550,35): error TS2304: Cannot find name 'form'.
src/pages/Assets.tsx(551,47): error TS2304: Cannot find name 'breakdownType'.
src/pages/Assets.tsx(552,47): error TS2304: Cannot find name 'breakdownDescription'.
src/pages/Assets.tsx(558,17): error TS2304: Cannot find name 'breakdownMedia'.
src/pages/Assets.tsx(560,15): error TS2304: Cannot find name 'toast'.
src/pages/Assets.tsx(562,51): error TS2304: Cannot find name 'breakdownMedia'.
src/pages/Assets.tsx(567,15): error TS2304: Cannot find name 'toast'.
src/pages/Assets.tsx(578,17): error TS2304: Cannot find name 'fetchAssets'.
src/pages/Assets.tsx(587,5): error TS2304: Cannot find name 'setIsDialogOpen'.
src/pages/Assets.tsx(590,5): error TS2304: Cannot find name 'toast'.
src/pages/Assets.tsx(593,5): error TS2304: Cannot find name 'setIsSaving'.
src/pages/Assets.tsx(597,7): error TS6133: 'handleDelete' is declared but its value is never read.
src/pages/Assets.tsx(599,5): error TS2304: Cannot find name 'setDeletingId'.
src/pages/Assets.tsx(600,18): error TS2304: Cannot find name 'assets'.
src/pages/Assets.tsx(601,5): error TS2304: Cannot find name 'setAssets'.
src/pages/Assets.tsx(601,28): error TS7006: Parameter 'e' implicitly has an 'any' type.
src/pages/Assets.tsx(604,7): error TS2304: Cannot find name 'toast'.
src/pages/Assets.tsx(608,9): error TS2304: Cannot find name 'toast'.
src/pages/Assets.tsx(610,9): error TS2304: Cannot find name 'setAssets'.
src/pages/Assets.tsx(620,5): error TS2304: Cannot find name 'toast'.
src/pages/Assets.tsx(623,5): error TS2304: Cannot find name 'setDeletingId'.
src/pages/Assets.tsx(629,7): error TS6133: 'formatDate' is declared but its value is never read.
src/pages/Assets.tsx(659,7): error TS6133: 'formatDays' is declared but its value is never read.
src/pages/Assets.tsx(666,7): error TS6133: 'filteredAssets' is declared but its value is never read.
src/pages/Assets.tsx(666,24): error TS2552: Cannot find name 'assets'. Did you mean 'Assets'?
src/pages/Assets.tsx(667,16): error TS2304: Cannot find name 'page'.
src/pages/Assets.tsx(667,28): error TS2304: Cannot find name 'limit'.
src/pages/Assets.tsx(668,22): error TS2304: Cannot find name 'page'.
src/pages/Assets.tsx(668,29): error TS2304: Cannot find name 'limit'.
src/pages/Assets.tsx(668,36): error TS2304: Cannot find name 'total'.
src/pages/Assets.tsx(669,7): error TS6133: 'rangeLabel' is declared but its value is never read.
src/pages/Assets.tsx(669,20): error TS2304: Cannot find name 'total'.
src/pages/Assets.tsx(669,62): error TS2304: Cannot find name 'total'.
src/pages/Assets.tsx(671,5): error TS2304: Cannot find name 'loading'.
src/pages/Assets.tsx(672,3): error TS1108: A 'return' statement can only be used within a function body.
src/pages/Assets.tsx(679,1): error TS1108: A 'return' statement can only be used within a function body.
src/pages/Assets.tsx(1503,11): error TS2786: 'Assets' cannot be used as a JSX component.
  Its type '() => void' is not a valid JSX element type.
    Type '() => void' is not assignable to type '(props: any, deprecatedLegacyContext?: any) => ReactNode'.
      Type 'void' is not assignable to type 'ReactNode'.
src/pages/Brands.tsx(3,1): error TS6133: 'Badge' is declared but its value is never read.
src/pages/Brands.tsx(15,3): error TS6133: 'CheckCircle' is declared but its value is never read.
src/pages/Brands.tsx(16,3): error TS6133: 'AlertTriangle' is declared but its value is never read.
src/pages/Categories.tsx(1,10): error TS2300: Duplicate identifier 'useEffect'.
src/pages/Categories.tsx(1,21): error TS2300: Duplicate identifier 'useState'.
src/pages/Categories.tsx(2,8): error TS6133: 'React' is declared but its value is never read.
src/pages/Categories.tsx(2,17): error TS2300: Duplicate identifier 'useState'.
src/pages/Categories.tsx(2,27): error TS2300: Duplicate identifier 'useEffect'.
src/pages/Categories.tsx(3,24): error TS6133: 'Filter' is declared but its value is never read.
src/pages/Categories.tsx(3,61): error TS6133: 'CheckCircle' is declared but its value is never read.
src/pages/Categories.tsx(3,74): error TS6133: 'AlertTriangle' is declared but its value is never read.
src/pages/Categories.tsx(7,28): error TS2307: Cannot find module '@/components/Breadcrumb' or its corresponding type declarations.
src/pages/Categories.tsx(8,26): error TS2307: Cannot find module '@/components/ui/use-toast' or its corresponding type declarations.
src/pages/Categories.tsx(21,3): error TS2305: Module '"@/api/categories"' has no exported member 'Category'.
src/pages/Categories.tsx(22,3): error TS2305: Module '"@/api/categories"' has no exported member 'getCategoryStatistics'.
src/pages/Categories.tsx(23,3): error TS2305: Module '"@/api/categories"' has no exported member 'createCategory'.
src/pages/Categories.tsx(24,3): error TS2305: Module '"@/api/categories"' has no exported member 'updateCategory'.
src/pages/Categories.tsx(25,3): error TS2305: Module '"@/api/categories"' has no exported member 'deleteCategory'.
src/pages/Interventions.tsx(448,17): error TS2304: Cannot find name 'changeAssetStatus'.
src/pages/Interventions.tsx(477,17): error TS2304: Cannot find name 'changeAssetStatus'.
src/pages/Login.tsx(43,37): error TS18046: 'error' is of type 'unknown'.
src/pages/Login.tsx(47,29): error TS2339: Property 'message' does not exist on type '{}'.
src/pages/PartDetails.tsx(3,36): error TS6133: 'Trash2' is declared but its value is never read.
src/pages/ProcessAreaDetail.tsx(7,1): error TS6133: 'Progress' is declared but its value is never read.
src/pages/ProcessAreaDetail.tsx(12,5): error TS6133: 'DialogDescription' is declared but its value is never read.
src/pages/ProcessAreaDetail.tsx(16,1): error TS6192: All imports in import declaration are unused.
src/pages/ProcessAreaDetail.tsx(154,13): error TS2322: Type 'CollisionDetection' is not assignable to type 'KeyboardCoordinateGetter'.
  Types of parameters 'args' and 'event' are incompatible.
    Type 'KeyboardEvent' is missing the following properties from type '{ active: Active; collisionRect: ClientRect; droppableRects: RectMap; droppableContainers: DroppableContainer[]; pointerCoordinates: Coordinates | null; }': active, collisionRect, droppableRects, droppableContainers, pointerCoordinates
src/pages/ProcessAreaDetail.tsx(267,84): error TS2339: Property 'performance' does not exist on type '{ totalAsset: number; activeInterventions: number; criticalParts: number; pendingOrders: number; mttr: number; mtbf: number; availability: number; oee: number; }'.
src/pages/ProcessAreas.tsx(12,3): error TS6133: 'ArrowLeft' is declared but its value is never read.
src/pages/ProcessAreas.tsx(15,3): error TS6133: 'Wrench' is declared but its value is never read.
src/pages/ProcessAreas.tsx(16,3): error TS6133: 'Trash' is declared but its value is never read.
src/pages/ProcessAreas.tsx(21,46): error TS6133: 'updateProcessArea' is declared but its value is never read.
src/pages/ProcessAreas.tsx(21,65): error TS6133: 'deleteProcessArea' is declared but its value is never read.
src/pages/ProcessAreas.tsx(22,10): error TS6133: 'getProcessDepartments' is declared but its value is never read.
src/pages/ProcessAreas.tsx(22,58): error TS6133: 'updateProcessDepartment' is declared but its value is never read.
src/pages/ProcessAreas.tsx(25,10): error TS6133: 'EQUIPMENT_STATUSES' is declared but its value is never read.
src/pages/ProcessAreas.tsx(25,89): error TS6133: 'StatusMetadata' is declared but its value is never read.
src/pages/ProcessAreas.tsx(27,1): error TS6133: 'getStatusMetadata' is declared but its value is never read.
src/pages/ProcessAreas.tsx(28,39): error TS2307: Cannot find module '@/components/AssetStatusDialog' or its corresponding type declarations.
src/pages/ProcessAreas.tsx(75,11): error TS6196: 'ProcessDepartment' is declared but never used.
src/pages/ProcessAreas.tsx(155,11): error TS2339: Property 'token' does not exist on type 'AuthContextType'.
src/pages/ProcessAreas.tsx(155,18): error TS6133: 'user' is declared but its value is never read.
src/pages/ProcessAreas.tsx(191,7): error TS2322: Type 'CollisionDetection' is not assignable to type 'KeyboardCoordinateGetter'.
  Types of parameters 'args' and 'event' are incompatible.
    Type 'KeyboardEvent' is missing the following properties from type '{ active: Active; collisionRect: ClientRect; droppableRects: RectMap; droppableContainers: DroppableContainer[]; pointerCoordinates: Coordinates | null; }': active, collisionRect, droppableRects, droppableContainers, pointerCoordinates
src/pages/ProcessAreas.tsx(281,29): error TS2345: Argument of type 'Asset[]' is not assignable to parameter of type 'SetStateAction<Asset[]>'.
  Type 'Asset[]' is not assignable to type 'Asset[]'.
    Property 'type' is missing in type 'Asset' but required in type 'Asset'.
src/pages/ProcessAreas.tsx(311,11): error TS2353: Object literal may only specify known properties, and 'processArea' does not exist in type 'Partial<CreateAssetData>'.
src/pages/ProcessAreas.tsx(479,26): error TS7006: Parameter 'open' implicitly has an 'any' type.
src/pages/ProjectDetails.tsx(7,21): error TS6133: 'Calendar' is declared but its value is never read.
src/pages/ProjectDetails.tsx(7,31): error TS6133: 'DollarSign' is declared but its value is never read.
src/pages/ProjectDetails.tsx(15,24): error TS2305: Module '"@/api/inventory"' has no exported member 'Part'.
src/pages/Projects.tsx(104,48): error TS2345: Argument of type 'CreateProjectData' is not assignable to parameter of type 'Partial<Project>'.
  Types of property 'status' are incompatible.
    Type 'string' is not assignable to type '"Planned" | "In Progress" | "Completed" | "On Hold" | undefined'.
src/pages/Register.tsx(86,29): error TS2339: Property 'message' does not exist on type '{}'.
src/pages/Settings.tsx(47,22): error TS18046: 'error' is of type 'unknown'.
src/pages/Settings.tsx(67,22): error TS18046: 'error' is of type 'unknown'.
src/pages/Settings.tsx(87,22): error TS18046: 'error' is of type 'unknown'.
src/pages/Settings.tsx(107,22): error TS18046: 'error' is of type 'unknown'.
src/pages/Settings.tsx(127,22): error TS18046: 'error' is of type 'unknown'.
src/pages/Settings.tsx(147,22): error TS18046: 'error' is of type 'unknown'.
src/pages/Settings.tsx(167,22): error TS18046: 'error' is of type 'unknown'.
src/pages/Settings.tsx(579,35): error TS2322: Type '{ className: string; }' is not assignable to type 'IntrinsicAttributes'.
  Property 'className' does not exist on type 'IntrinsicAttributes'.
src/pages/SubCategories.tsx(1,8): error TS6133: 'React' is declared but its value is never read.
src/pages/SubCategories.tsx(2,61): error TS6133: 'Clock' is declared but its value is never read.
src/pages/SubCategories.tsx(6,28): error TS2307: Cannot find module '@/components/Breadcrumb' or its corresponding type declarations.
src/pages/SubCategories.tsx(7,26): error TS2307: Cannot find module '@/components/ui/use-toast' or its corresponding type declarations.
src/pages/SubCategories.tsx(15,3): error TS6133: 'DialogTrigger' is declared but its value is never read.
src/pages/SubCategories.tsx(21,1): error TS6192: All imports in import declaration are unused.
src/pages/SubCategories.tsx(22,1): error TS6133: 'Progress' is declared but its value is never read.
src/pages/SubCategories.tsx(31,10): error TS2305: Module '"@/api/categories"' has no exported member 'getCategories'.
src/pages/SubCategories.tsx(31,25): error TS2305: Module '"@/api/categories"' has no exported member 'Category'.
