🔍 Validating environment variables...
⚠️  WARNING: Missing optional environment variables (using defaults):
   - LOG_LEVEL
   - FRONTEND_URL
   - REDIS_HOST
   - REDIS_PORT
⚠️  WARNING: JWT_SECRET should be at least 32 characters long for security
✅ Environment variables validated successfully
MongoDB Connected: localhost
🔄 Starting automated backfill and metrics calculation...
Server running at http://localhost:3000
Found 0 completed interventions missing completedDate.

✅ Successfully backfilled 0 interventions using updateOne.
Remaining missing completedDate: 0

--- Starting Equipment ID Backfill ---
Found 0 interventions missing equipmentId.
✅ Backfilled 0 equipmentIds.

--- Skipping Metrics Recalculation (No backfill changes) ---
✨ Automated backfill completed successfully.
Login attempt for email: admin@texmaintain.com
Attempting to authenticate user: admin@texmaintain.com
User authenticated successfully: admin@texmaintain.com, role: admin
Login successful for user: admin@texmaintain.com, role: admin
{"level":30,"time":1766530526335,"pid":31300,"hostname":"aiaa4solutions-Inspiron-3543","req":{"id":1,"method":"POST","url":"/api/auth/login","query":{},"params":{},"headers":{"host":"localhost:3000","user-agent":"curl/7.81.0","accept":"*/*","content-type":"application/json","content-length":"58"},"remoteAddress":"::ffff:127.0.0.1","remotePort":48826},"res":{"statusCode":200,"headers":{"vary":"Origin, Accept-Encoding","access-control-allow-credentials":"true","access-control-expose-headers":"Content-Range,X-Content-Range","content-security-policy":"default-src 'self';base-uri 'self';font-src 'self' https: data:;form-action 'self';frame-ancestors 'self';img-src 'self' data:;object-src 'none';script-src 'self';script-src-attr 'none';style-src 'self' https: 'unsafe-inline';upgrade-insecure-requests","cross-origin-opener-policy":"same-origin","cross-origin-resource-policy":"same-origin","origin-agent-cluster":"?1","referrer-policy":"no-referrer","strict-transport-security":"max-age=15552000; includeSubDomains","x-content-type-options":"nosniff","x-dns-prefetch-control":"off","x-download-options":"noopen","x-frame-options":"SAMEORIGIN","x-permitted-cross-domain-policies":"none","x-xss-protection":"0","ratelimit-policy":"1000;w=900","ratelimit-limit":"1000","ratelimit-remaining":"999","ratelimit-reset":"900","content-type":"application/json; charset=utf-8","content-length":"630","etag":"W/\"276-nVlPlZZ9EqRQ1/ZxfTvHOhXX+3A\""}},"responseTime":240,"msg":"request completed"}
